// Jest Snapshot v1, https://goo.gl/fbAQLP

exports[`Message (Snapshot) Message renders without crashing 1`] = `
<div
  className="sc-bdVaJa cjHlDt"
>
  <div
    className="arrow-left"
  />
  <div
    className="content padding-right"
  >
    <div
      className="username"
    >
      
    </div>
    <div
      className="message"
    >
      
    </div>
    <div
      className="timestamp"
    >
      
    </div>
    <div
      className="deal-with-float"
    />
  </div>
</div>
`;
