// Jest Snapshot v1, https://goo.gl/fbAQLP

exports[`Header (Snapshot) Header renders without crashing 1`] = `
<div
  className="sc-bdVaJa eyqDlD"
>
  <p />
</div>
`;
